../Core/Src/main.c:82:6:cs_sel	8	static
../Core/Src/main.c:86:8:cs_desel	8	static
../Core/Src/main.c:90:11:spi_rb	16	static
../Core/Src/main.c:96:8:spi_wb	16	static
../Core/Src/main.c:120:5:main	48	static
../Core/Src/main.c:237:6:SystemClock_Config	88	static
../Core/Src/main.c:284:13:MX_I2C1_Init	8	static
../Core/Src/main.c:332:13:MX_SPI1_Init	8	static
../Core/Src/main.c:372:13:MX_TIM2_Init	40	static
../Core/Src/main.c:417:13:MX_GPIO_Init	48	static
../Core/Src/main.c:450:6:Error_Handler	8	static,ignoring_inline_asm
